// Jest Snapshot v1, https://goo.gl/fbAQLP

exports[`renders correctly 1`] = `
<main>
  <div>
    <p
      className="undefined undefined"
    >
      So, you wat to travel to
    </p>
    <h1
      className="undefined undefined undefined"
    >
      Space
    </h1>
    <p
      className="undefined undefined"
    >
      Let’s face it; if you want to go to space, you might as well genuinely go to outer space and not hover kind of on the edge of it. Well sit back, and relax because we’ll give you a truly out of this world experience!
    </p>
  </div>
  <button
    type="button"
  >
    Explore
  </button>
</main>
`;
